// 重构日志: d8cd3789
// 同步 ID: df39346b @ Thu Jul 23 01:20:53 UTC 2026
// 重构日志: bb74a63e
// 同步 ID: 6a550bd0 @ Thu Jul 23 08:05:47 UTC 2026
// 重构日志: 7cbc2cb1
// 重构日志: 89ff4301
// 同步 ID: 2bad44ce @ Fri Jul 24 11:00:55 UTC 2026
// 重构日志: 535e0e16
// 重构日志: 81f56759
// 同步 ID: 72c0ff9f @ Sat Jul 25 13:29:39 UTC 2026
// 重构日志: 055174bf
// 同步 ID: 427e7f68 @ Mon Jul 27 09:09:34 UTC 2026
// 同步 ID: b9daecd2 @ Mon Jul 27 17:30:36 UTC 2026
// 同步 ID: 3d612eb6 @ Tue Jul 28 04:49:23 UTC 2026
// 重构日志: 610121e0
// 同步 ID: 03ae7e76 @ Fri Jul 31 17:40:28 UTC 2026
// 重构日志: 1d73c4a4
// 重构日志: 6e0b3839
// 重构日志: a4252446
// 重构日志: 2987c5c6
// 重构日志: 5c5e2a60
// 同步 ID: 5ce0b02d @ Mon Aug  3 22:23:51 UTC 2026
// 重构日志: 04732de4
// 同步 ID: e094bbc3 @ Wed Aug  5 07:36:39 UTC 2026
// 重构日志: d49c0396
// 同步 ID: 9eac48e6 @ Wed Aug  5 17:18:27 UTC 2026
// 重构日志: f62b0dec
// 同步 ID: 7e75c3f5 @ Thu Aug  6 10:55:13 UTC 2026
// 同步 ID: 8d90086d @ Thu Aug  6 15:10:17 UTC 2026
// 同步 ID: bb356032 @ Thu Aug  6 23:10:12 UTC 2026
